
> user-management-backend@0.0.1 test
> jest

node.exe : PASS src/analytics/services/analytics-read-cache.service.spec.ts (22.764 s)
Au caractère Ligne:1 : 1
+ & "C:\Program Files\nodejs/node.exe" "C:\Users\kmarb\AppData\Roaming\ ...
+ ~~~~~~~~~~~~~~~~~~~~~~~~~~~~~~~~~~~~~~~~~~~~~~~~~~~~~~~~~~~~~~~~~~~~~
    + CategoryInfo          : NotSpecified: (PASS src/analyt...c.ts (22.764 s):String) [], RemoteException
    + FullyQualifiedErrorId : NativeCommandError
 
PASS src/brainrush/services/adaptation.service.spec.ts (23.039 s)
PASS src/courses/courses.service.spec.ts (25.736 s)
FAIL src/analytics/services/kpi.service.spec.ts (25.79 s)
  ÔùÅ KpiService ÔÇ║ getDashboardDeltas ÔÇ║ should compute percent deltas from windowed counts

    Nest can't resolve dependencies of the KpiService (UserModel, RiskScoreModel, AlertModel, 
AnalyticsReadCacheService, ?). Please make sure that the argument SessionService at index [4] is available in the 
RootTestModule context.

    Potential solutions:
    - Is RootTestModule a valid NestJS module?
    - If SessionService is a provider, is it part of the current RootTestModule?
    - If SessionService is exported from a separate @Module, is that module imported within RootTestModule?
      @Module({
        imports: [ /* the Module containing SessionService */ ]
      })

    [0m [90m 36 |[39m     }[33m;[39m
     [90m 37 |[39m
    [31m[1m>[22m[39m[90m 38 |[39m     [36mconst[39m module[33m:[39m [33mTestingModule[39m [33m=[39m 
[36mawait[39m [33mTest[39m[33m.[39mcreateTestingModule({
     [90m    |[39m                                   [31m[1m^[22m[39m
     [90m 39 |[39m       providers[33m:[39m [
     [90m 40 |[39m         [33mKpiService[39m[33m,[39m
     [90m 41 |[39m         { provide[33m:[39m [33mAnalyticsReadCacheService[39m[33m,[39m useValue[33m:[39m 
readCache }[33m,[39m[0m

      at TestingInjector.lookupComponentInParentModules (../node_modules/@nestjs/core/injector/injector.js:262:19)
      at TestingInjector.resolveComponentInstance (../node_modules/@nestjs/core/injector/injector.js:215:33)
      at resolveParam (../node_modules/@nestjs/core/injector/injector.js:129:38)
          at async Promise.all (index 4)
      at TestingInjector.resolveConstructorParams (../node_modules/@nestjs/core/injector/injector.js:144:27)
      at TestingInjector.loadInstance (../node_modules/@nestjs/core/injector/injector.js:70:13)
      at TestingInjector.loadProvider (../node_modules/@nestjs/core/injector/injector.js:98:9)
      at ../node_modules/@nestjs/core/injector/instance-loader.js:56:13
          at async Promise.all (index 3)
      at TestingInstanceLoader.createInstancesOfProviders 
(../node_modules/@nestjs/core/injector/instance-loader.js:55:9)
      at ../node_modules/@nestjs/core/injector/instance-loader.js:40:13
          at async Promise.all (index 1)
      at TestingInstanceLoader.createInstances (../node_modules/@nestjs/core/injector/instance-loader.js:39:9)
      at TestingInstanceLoader.createInstancesOfDependencies 
(../node_modules/@nestjs/core/injector/instance-loader.js:22:13)
      at TestingInstanceLoader.createInstancesOfDependencies 
(../node_modules/@nestjs/testing/testing-instance-loader.js:9:9)
      at TestingModuleBuilder.createInstancesOfDependencies 
(../node_modules/@nestjs/testing/testing-module.builder.js:118:9)
      at TestingModuleBuilder.compile (../node_modules/@nestjs/testing/testing-module.builder.js:74:9)
      at Object.<anonymous> (analytics/services/kpi.service.spec.ts:38:35)

  ÔùÅ KpiService ÔÇ║ getDashboardDeltas ÔÇ║ should return null when both windows are zero for each metric

    Nest can't resolve dependencies of the KpiService (UserModel, RiskScoreModel, AlertModel, 
AnalyticsReadCacheService, ?). Please make sure that the argument SessionService at index [4] is available in the 
RootTestModule context.

    Potential solutions:
    - Is RootTestModule a valid NestJS module?
    - If SessionService is a provider, is it part of the current RootTestModule?
    - If SessionService is exported from a separate @Module, is that module imported within RootTestModule?
      @Module({
        imports: [ /* the Module containing SessionService */ ]
      })

    [0m [90m 36 |[39m     }[33m;[39m
     [90m 37 |[39m
    [31m[1m>[22m[39m[90m 38 |[39m     [36mconst[39m module[33m:[39m [33mTestingModule[39m [33m=[39m 
[36mawait[39m [33mTest[39m[33m.[39mcreateTestingModule({
     [90m    |[39m                                   [31m[1m^[22m[39m
     [90m 39 |[39m       providers[33m:[39m [
     [90m 40 |[39m         [33mKpiService[39m[33m,[39m
     [90m 41 |[39m         { provide[33m:[39m [33mAnalyticsReadCacheService[39m[33m,[39m useValue[33m:[39m 
readCache }[33m,[39m[0m

      at TestingInjector.lookupComponentInParentModules (../node_modules/@nestjs/core/injector/injector.js:262:19)
      at TestingInjector.resolveComponentInstance (../node_modules/@nestjs/core/injector/injector.js:215:33)
      at resolveParam (../node_modules/@nestjs/core/injector/injector.js:129:38)
          at async Promise.all (index 4)
      at TestingInjector.resolveConstructorParams (../node_modules/@nestjs/core/injector/injector.js:144:27)
      at TestingInjector.loadInstance (../node_modules/@nestjs/core/injector/injector.js:70:13)
      at TestingInjector.loadProvider (../node_modules/@nestjs/core/injector/injector.js:98:9)
      at ../node_modules/@nestjs/core/injector/instance-loader.js:56:13
          at async Promise.all (index 3)
      at TestingInstanceLoader.createInstancesOfProviders 
(../node_modules/@nestjs/core/injector/instance-loader.js:55:9)
      at ../node_modules/@nestjs/core/injector/instance-loader.js:40:13
          at async Promise.all (index 1)
      at TestingInstanceLoader.createInstances (../node_modules/@nestjs/core/injector/instance-loader.js:39:9)
      at TestingInstanceLoader.createInstancesOfDependencies 
(../node_modules/@nestjs/core/injector/instance-loader.js:22:13)
      at TestingInstanceLoader.createInstancesOfDependencies 
(../node_modules/@nestjs/testing/testing-instance-loader.js:9:9)
      at TestingModuleBuilder.createInstancesOfDependencies 
(../node_modules/@nestjs/testing/testing-module.builder.js:118:9)
      at TestingModuleBuilder.compile (../node_modules/@nestjs/testing/testing-module.builder.js:74:9)
      at Object.<anonymous> (analytics/services/kpi.service.spec.ts:38:35)

  ÔùÅ KpiService ÔÇ║ getAverageRiskScorePercent ÔÇ║ should return rounded average from aggregation

    Nest can't resolve dependencies of the KpiService (UserModel, RiskScoreModel, AlertModel, 
AnalyticsReadCacheService, ?). Please make sure that the argument SessionService at index [4] is available in the 
RootTestModule context.

    Potential solutions:
    - Is RootTestModule a valid NestJS module?
    - If SessionService is a provider, is it part of the current RootTestModule?
    - If SessionService is exported from a separate @Module, is that module imported within RootTestModule?
      @Module({
        imports: [ /* the Module containing SessionService */ ]
      })

    [0m [90m 36 |[39m     }[33m;[39m
     [90m 37 |[39m
    [31m[1m>[22m[39m[90m 38 |[39m     [36mconst[39m module[33m:[39m [33mTestingModule[39m [33m=[39m 
[36mawait[39m [33mTest[39m[33m.[39mcreateTestingModule({
     [90m    |[39m                                   [31m[1m^[22m[39m
     [90m 39 |[39m       providers[33m:[39m [
     [90m 40 |[39m         [33mKpiService[39m[33m,[39m
     [90m 41 |[39m         { provide[33m:[39m [33mAnalyticsReadCacheService[39m[33m,[39m useValue[33m:[39m 
readCache }[33m,[39m[0m

      at TestingInjector.lookupComponentInParentModules (../node_modules/@nestjs/core/injector/injector.js:262:19)
      at TestingInjector.resolveComponentInstance (../node_modules/@nestjs/core/injector/injector.js:215:33)
      at resolveParam (../node_modules/@nestjs/core/injector/injector.js:129:38)
          at async Promise.all (index 4)
      at TestingInjector.resolveConstructorParams (../node_modules/@nestjs/core/injector/injector.js:144:27)
      at TestingInjector.loadInstance (../node_modules/@nestjs/core/injector/injector.js:70:13)
      at TestingInjector.loadProvider (../node_modules/@nestjs/core/injector/injector.js:98:9)
      at ../node_modules/@nestjs/core/injector/instance-loader.js:56:13
          at async Promise.all (index 3)
      at TestingInstanceLoader.createInstancesOfProviders 
(../node_modules/@nestjs/core/injector/instance-loader.js:55:9)
      at ../node_modules/@nestjs/core/injector/instance-loader.js:40:13
          at async Promise.all (index 1)
      at TestingInstanceLoader.createInstances (../node_modules/@nestjs/core/injector/instance-loader.js:39:9)
      at TestingInstanceLoader.createInstancesOfDependencies 
(../node_modules/@nestjs/core/injector/instance-loader.js:22:13)
      at TestingInstanceLoader.createInstancesOfDependencies 
(../node_modules/@nestjs/testing/testing-instance-loader.js:9:9)
      at TestingModuleBuilder.createInstancesOfDependencies 
(../node_modules/@nestjs/testing/testing-module.builder.js:118:9)
      at TestingModuleBuilder.compile (../node_modules/@nestjs/testing/testing-module.builder.js:74:9)
      at Object.<anonymous> (analytics/services/kpi.service.spec.ts:38:35)

  ÔùÅ KpiService ÔÇ║ getAverageRiskScorePercent ÔÇ║ should return 0 when no scores

    Nest can't resolve dependencies of the KpiService (UserModel, RiskScoreModel, AlertModel, 
AnalyticsReadCacheService, ?). Please make sure that the argument SessionService at index [4] is available in the 
RootTestModule context.

    Potential solutions:
    - Is RootTestModule a valid NestJS module?
    - If SessionService is a provider, is it part of the current RootTestModule?
    - If SessionService is exported from a separate @Module, is that module imported within RootTestModule?
      @Module({
        imports: [ /* the Module containing SessionService */ ]
      })

    [0m [90m 36 |[39m     }[33m;[39m
     [90m 37 |[39m
    [31m[1m>[22m[39m[90m 38 |[39m     [36mconst[39m module[33m:[39m [33mTestingModule[39m [33m=[39m 
[36mawait[39m [33mTest[39m[33m.[39mcreateTestingModule({
     [90m    |[39m                                   [31m[1m^[22m[39m
     [90m 39 |[39m       providers[33m:[39m [
     [90m 40 |[39m         [33mKpiService[39m[33m,[39m
     [90m 41 |[39m         { provide[33m:[39m [33mAnalyticsReadCacheService[39m[33m,[39m useValue[33m:[39m 
readCache }[33m,[39m[0m

      at TestingInjector.lookupComponentInParentModules (../node_modules/@nestjs/core/injector/injector.js:262:19)
      at TestingInjector.resolveComponentInstance (../node_modules/@nestjs/core/injector/injector.js:215:33)
      at resolveParam (../node_modules/@nestjs/core/injector/injector.js:129:38)
          at async Promise.all (index 4)
      at TestingInjector.resolveConstructorParams (../node_modules/@nestjs/core/injector/injector.js:144:27)
      at TestingInjector.loadInstance (../node_modules/@nestjs/core/injector/injector.js:70:13)
      at TestingInjector.loadProvider (../node_modules/@nestjs/core/injector/injector.js:98:9)
      at ../node_modules/@nestjs/core/injector/instance-loader.js:56:13
          at async Promise.all (index 3)
      at TestingInstanceLoader.createInstancesOfProviders 
(../node_modules/@nestjs/core/injector/instance-loader.js:55:9)
      at ../node_modules/@nestjs/core/injector/instance-loader.js:40:13
          at async Promise.all (index 1)
      at TestingInstanceLoader.createInstances (../node_modules/@nestjs/core/injector/instance-loader.js:39:9)
      at TestingInstanceLoader.createInstancesOfDependencies 
(../node_modules/@nestjs/core/injector/instance-loader.js:22:13)
      at TestingInstanceLoader.createInstancesOfDependencies 
(../node_modules/@nestjs/testing/testing-instance-loader.js:9:9)
      at TestingModuleBuilder.createInstancesOfDependencies 
(../node_modules/@nestjs/testing/testing-module.builder.js:118:9)
      at TestingModuleBuilder.compile (../node_modules/@nestjs/testing/testing-module.builder.js:74:9)
      at Object.<anonymous> (analytics/services/kpi.service.spec.ts:38:35)

PASS src/analytics/insight.service.spec.ts (26.092 s)
PASS src/analytics/analytics.service.spec.ts (26.359 s)
PASS src/subjects/subjects.service.spec.ts
PASS src/exercises/exercises.service.spec.ts
FAIL src/adaptive-learning/adaptive-learning.controller.spec.ts (27.819 s)
  ÔùÅ AdaptiveLearningController ÔÇ║ should be defined

    Nest can't resolve dependencies of the AdaptiveLearningController (?). Please make sure that the argument 
AdaptiveLearningService at index [0] is available in the RootTestModule context.

    Potential solutions:
    - Is RootTestModule a valid NestJS module?
    - If AdaptiveLearningService is a provider, is it part of the current RootTestModule?
    - If AdaptiveLearningService is exported from a separate @Module, is that module imported within RootTestModule?
      @Module({
        imports: [ /* the Module containing AdaptiveLearningService */ ]
      })

    [0m [90m  6 |[39m
     [90m  7 |[39m   beforeEach([36masync[39m () [33m=>[39m {
    [31m[1m>[22m[39m[90m  8 |[39m     [36mconst[39m module[33m:[39m [33mTestingModule[39m [33m=[39m 
[36mawait[39m [33mTest[39m[33m.[39mcreateTestingModule({
     [90m    |[39m                                   [31m[1m^[22m[39m
     [90m  9 |[39m       controllers[33m:[39m [[33mAdaptiveLearningController[39m][33m,[39m
     [90m 10 |[39m     })[33m.[39mcompile()[33m;[39m
     [90m 11 |[39m[0m

      at TestingInjector.lookupComponentInParentModules (../node_modules/@nestjs/core/injector/injector.js:262:19)
      at TestingInjector.resolveComponentInstance (../node_modules/@nestjs/core/injector/injector.js:215:33)
      at resolveParam (../node_modules/@nestjs/core/injector/injector.js:129:38)
          at async Promise.all (index 0)
      at TestingInjector.resolveConstructorParams (../node_modules/@nestjs/core/injector/injector.js:144:27)
      at TestingInjector.loadInstance (../node_modules/@nestjs/core/injector/injector.js:70:13)
      at TestingInjector.loadController (../node_modules/@nestjs/core/injector/injector.js:89:9)
      at ../node_modules/@nestjs/core/injector/instance-loader.js:68:13
          at async Promise.all (index 0)
      at TestingInstanceLoader.createInstancesOfControllers 
(../node_modules/@nestjs/core/injector/instance-loader.js:67:9)
      at ../node_modules/@nestjs/core/injector/instance-loader.js:42:13
          at async Promise.all (index 1)
      at TestingInstanceLoader.createInstances (../node_modules/@nestjs/core/injector/instance-loader.js:39:9)
      at TestingInstanceLoader.createInstancesOfDependencies 
(../node_modules/@nestjs/core/injector/instance-loader.js:22:13)
      at TestingInstanceLoader.createInstancesOfDependencies 
(../node_modules/@nestjs/testing/testing-instance-loader.js:9:9)
      at TestingModuleBuilder.createInstancesOfDependencies 
(../node_modules/@nestjs/testing/testing-module.builder.js:118:9)
      at TestingModuleBuilder.compile (../node_modules/@nestjs/testing/testing-module.builder.js:74:9)
      at Object.<anonymous> (adaptive-learning/adaptive-learning.controller.spec.ts:8:35)

PASS src/academic/academic.service.spec.ts
PASS src/courses/courses.controller.spec.ts (5.722 s)

Test Suites: 2 failed, 9 passed, 11 total
Tests:       5 failed, 58 passed, 63 total
Snapshots:   0 total
Time:        30.546 s, estimated 42 s
Ran all test suites.
